src/app/api/churn/predict/route.ts(53,41): error TS1005: ',' expected.
src/app/api/churn/predict/route.ts(53,43): error TS1002: Unterminated string literal.
src/app/api/churn/predict/route.ts(54,5): error TS1005: ',' expected.
src/app/api/cron/churn-automation/route.ts(165,43): error TS1005: ',' expected.
src/app/api/cron/churn-automation/route.ts(165,45): error TS1002: Unterminated string literal.
src/app/api/cron/churn-automation/route.ts(169,9): error TS1005: ',' expected.
src/app/api/cron/churn-automation/route.ts(170,7): error TS1005: ',' expected.
src/app/api/cron/churn-automation/route.ts(176,43): error TS1005: ',' expected.
src/app/api/cron/churn-automation/route.ts(176,45): error TS1002: Unterminated string literal.
src/app/api/cron/churn-automation/route.ts(180,9): error TS1005: ',' expected.
src/app/api/cron/churn-automation/route.ts(181,7): error TS1005: ',' expected.
